// Vitest Snapshot v1, https://vitest.dev/guide/snapshot.html

exports[`スナップショット（LINE へ送る JSON の記録） > 初回データ準備中 1`] = `
{
  "text": "「試験食堂 駅前店」の初回のデータを準備しています。
店舗の登録直後は、データがそろうまで時間がかかります。
しばらくしてから、もう一度お試しください。",
  "type": "text",
}
`;

exports[`スナップショット（LINE へ送る JSON の記録） > 取得失敗 1`] = `
{
  "text": "「試験食堂 駅前店」の最新のデータ（9月14日分）を取得できませんでした。
次のデータの更新の後に、もう一度ご確認ください。",
  "type": "text",
}
`;

exports[`スナップショット（LINE へ送る JSON の記録） > 店舗なし 1`] = `
{
  "text": "レポートを表示できる店舗がありません。
店舗の登録を担当した代理店または運営にご確認ください。",
  "type": "text",
}
`;
