// Vitest Snapshot v1, https://vitest.dev/guide/snapshot.html

exports[`スナップショット（Flex Message Simulator へ貼って目視する材料） > 4 種類の日を含む 7 日 1`] = `
{
  "altText": "試験食堂 駅前店（9月8日〜9月14日）: 5店中3位→5店中2位、★4.1→★4.2、クチコミ数 +5件（データ提供: Google Maps）",
  "contents": {
    "body": {
      "contents": [
        {
          "color": "#333333",
          "size": "md",
          "text": "9月8日〜9月14日：5店中3位→5店中2位、★4.1→★4.2、クチコミ数 +5件",
          "type": "text",
          "weight": "bold",
          "wrap": true,
        },
        {
          "contents": [
            {
              "contents": [
                {
                  "color": "#666666",
                  "flex": 1,
                  "size": "xs",
                  "text": "日付",
                  "type": "text",
                  "wrap": true,
                },
                {
                  "align": "end",
                  "color": "#666666",
                  "flex": 1,
                  "size": "xs",
                  "text": "順位",
                  "type": "text",
                  "wrap": true,
                },
                {
                  "align": "end",
                  "color": "#666666",
                  "flex": 1,
                  "size": "xs",
                  "text": "評価",
                  "type": "text",
                  "wrap": true,
                },
                {
                  "align": "end",
                  "color": "#666666",
                  "flex": 1,
                  "size": "xs",
                  "text": "クチコミ数",
                  "type": "text",
                  "wrap": true,
                },
              ],
              "layout": "horizontal",
              "spacing": "sm",
              "type": "box",
            },
            {
              "contents": [
                {
                  "color": "#333333",
                  "flex": 1,
                  "size": "sm",
                  "text": "9月8日",
                  "type": "text",
                },
                {
                  "align": "end",
                  "color": "#333333",
                  "flex": 1,
                  "size": "sm",
                  "text": "5店中3位",
                  "type": "text",
                  "wrap": true,
                },
                {
                  "align": "end",
                  "color": "#333333",
                  "flex": 1,
                  "size": "sm",
                  "text": "★4.1",
                  "type": "text",
                  "wrap": true,
                },
                {
                  "align": "end",
                  "color": "#333333",
                  "flex": 1,
                  "size": "sm",
                  "text": "118件",
                  "type": "text",
                  "wrap": true,
                },
              ],
              "layout": "horizontal",
              "spacing": "sm",
              "type": "box",
            },
            {
              "contents": [
                {
                  "color": "#333333",
                  "flex": 1,
                  "size": "sm",
                  "text": "9月9日",
                  "type": "text",
                },
                {
                  "align": "center",
                  "color": "#666666",
                  "flex": 3,
                  "size": "sm",
                  "text": "データなし",
                  "type": "text",
                },
              ],
              "layout": "horizontal",
              "spacing": "sm",
              "type": "box",
            },
            {
              "contents": [
                {
                  "color": "#333333",
                  "flex": 1,
                  "size": "sm",
                  "text": "9月10日",
                  "type": "text",
                },
                {
                  "align": "center",
                  "color": "#666666",
                  "flex": 3,
                  "size": "sm",
                  "text": "取得失敗",
                  "type": "text",
                },
              ],
              "layout": "horizontal",
              "spacing": "sm",
              "type": "box",
            },
            {
              "contents": [
                {
                  "color": "#333333",
                  "flex": 1,
                  "size": "sm",
                  "text": "9月11日",
                  "type": "text",
                },
                {
                  "align": "end",
                  "color": "#333333",
                  "flex": 1,
                  "size": "sm",
                  "text": "—",
                  "type": "text",
                  "wrap": true,
                },
                {
                  "align": "end",
                  "color": "#333333",
                  "flex": 1,
                  "size": "sm",
                  "text": "★4.1",
                  "type": "text",
                  "wrap": true,
                },
                {
                  "align": "end",
                  "color": "#333333",
                  "flex": 1,
                  "size": "sm",
                  "text": "119件",
                  "type": "text",
                  "wrap": true,
                },
              ],
              "layout": "horizontal",
              "spacing": "sm",
              "type": "box",
            },
            {
              "contents": [
                {
                  "color": "#333333",
                  "flex": 1,
                  "size": "sm",
                  "text": "9月12日",
                  "type": "text",
                },
                {
                  "align": "end",
                  "color": "#333333",
                  "flex": 1,
                  "size": "sm",
                  "text": "5店中3位",
                  "type": "text",
                  "wrap": true,
                },
                {
                  "align": "end",
                  "color": "#333333",
                  "flex": 1,
                  "size": "sm",
                  "text": "★4.1",
                  "type": "text",
                  "wrap": true,
                },
                {
                  "align": "end",
                  "color": "#333333",
                  "flex": 1,
                  "size": "sm",
                  "text": "120件",
                  "type": "text",
                  "wrap": true,
                },
              ],
              "layout": "horizontal",
              "spacing": "sm",
              "type": "box",
            },
            {
              "contents": [
                {
                  "color": "#333333",
                  "flex": 1,
                  "size": "sm",
                  "text": "9月13日",
                  "type": "text",
                },
                {
                  "align": "end",
                  "color": "#333333",
                  "flex": 1,
                  "size": "sm",
                  "text": "—",
                  "type": "text",
                  "wrap": true,
                },
                {
                  "align": "end",
                  "color": "#333333",
                  "flex": 1,
                  "size": "sm",
                  "text": "★4.2",
                  "type": "text",
                  "wrap": true,
                },
                {
                  "align": "end",
                  "color": "#333333",
                  "flex": 1,
                  "size": "sm",
                  "text": "121件",
                  "type": "text",
                  "wrap": true,
                },
              ],
              "layout": "horizontal",
              "spacing": "sm",
              "type": "box",
            },
            {
              "contents": [
                {
                  "color": "#333333",
                  "flex": 1,
                  "size": "sm",
                  "text": "9月14日",
                  "type": "text",
                },
                {
                  "align": "end",
                  "color": "#333333",
                  "flex": 1,
                  "size": "sm",
                  "text": "5店中2位",
                  "type": "text",
                  "wrap": true,
                },
                {
                  "align": "end",
                  "color": "#333333",
                  "flex": 1,
                  "size": "sm",
                  "text": "★4.2",
                  "type": "text",
                  "wrap": true,
                },
                {
                  "align": "end",
                  "color": "#333333",
                  "flex": 1,
                  "size": "sm",
                  "text": "123件",
                  "type": "text",
                  "wrap": true,
                },
              ],
              "layout": "horizontal",
              "spacing": "sm",
              "type": "box",
            },
          ],
          "layout": "vertical",
          "spacing": "sm",
          "type": "box",
        },
        {
          "color": "#666666",
          "size": "sm",
          "text": "順位が「—」の日は、競合店と比較できないため順位がありません。",
          "type": "text",
          "wrap": true,
        },
      ],
      "layout": "vertical",
      "paddingAll": "lg",
      "spacing": "md",
      "type": "box",
    },
    "footer": {
      "contents": [
        {
          "action": {
            "label": "30日の推移を詳細画面で見る",
            "type": "uri",
            "uri": "https://liff.line.me/1234567890-AbCdEfGh?storeId=store-0001",
          },
          "color": "#1DB446",
          "height": "md",
          "style": "primary",
          "type": "button",
        },
        {
          "align": "center",
          "color": "#5E5E5E",
          "size": "13px",
          "text": "データ提供: Google Maps",
          "type": "text",
          "wrap": false,
        },
      ],
      "layout": "vertical",
      "paddingAll": "lg",
      "spacing": "sm",
      "type": "box",
    },
    "header": {
      "contents": [
        {
          "size": "md",
          "text": "試験食堂 駅前店",
          "type": "text",
          "weight": "bold",
          "wrap": true,
        },
        {
          "color": "#666666",
          "size": "sm",
          "text": "9月8日〜9月14日のデータ",
          "type": "text",
          "wrap": true,
        },
      ],
      "layout": "vertical",
      "paddingAll": "lg",
      "paddingBottom": "md",
      "spacing": "sm",
      "type": "box",
    },
    "size": "kilo",
    "styles": {
      "footer": {
        "separator": true,
      },
    },
    "type": "bubble",
  },
  "type": "flex",
}
`;

exports[`スナップショット（Flex Message Simulator へ貼って目視する材料） > 取得できた日が 2 日未満 1`] = `
{
  "altText": "試験食堂 駅前店（9月8日〜9月14日）: 直近7日の推移（データ提供: Google Maps）",
  "contents": {
    "body": {
      "contents": [
        {
          "color": "#333333",
          "size": "sm",
          "text": "取得できた日が2日分に満たないため、推移を判断するにはデータが不足しています。",
          "type": "text",
          "wrap": true,
        },
        {
          "contents": [
            {
              "contents": [
                {
                  "color": "#666666",
                  "flex": 1,
                  "size": "xs",
                  "text": "日付",
                  "type": "text",
                  "wrap": true,
                },
                {
                  "align": "end",
                  "color": "#666666",
                  "flex": 1,
                  "size": "xs",
                  "text": "順位",
                  "type": "text",
                  "wrap": true,
                },
                {
                  "align": "end",
                  "color": "#666666",
                  "flex": 1,
                  "size": "xs",
                  "text": "評価",
                  "type": "text",
                  "wrap": true,
                },
                {
                  "align": "end",
                  "color": "#666666",
                  "flex": 1,
                  "size": "xs",
                  "text": "クチコミ数",
                  "type": "text",
                  "wrap": true,
                },
              ],
              "layout": "horizontal",
              "spacing": "sm",
              "type": "box",
            },
            {
              "contents": [
                {
                  "color": "#333333",
                  "flex": 1,
                  "size": "sm",
                  "text": "9月8日",
                  "type": "text",
                },
                {
                  "align": "center",
                  "color": "#666666",
                  "flex": 3,
                  "size": "sm",
                  "text": "データなし",
                  "type": "text",
                },
              ],
              "layout": "horizontal",
              "spacing": "sm",
              "type": "box",
            },
            {
              "contents": [
                {
                  "color": "#333333",
                  "flex": 1,
                  "size": "sm",
                  "text": "9月9日",
                  "type": "text",
                },
                {
                  "align": "center",
                  "color": "#666666",
                  "flex": 3,
                  "size": "sm",
                  "text": "データなし",
                  "type": "text",
                },
              ],
              "layout": "horizontal",
              "spacing": "sm",
              "type": "box",
            },
            {
              "contents": [
                {
                  "color": "#333333",
                  "flex": 1,
                  "size": "sm",
                  "text": "9月10日",
                  "type": "text",
                },
                {
                  "align": "center",
                  "color": "#666666",
                  "flex": 3,
                  "size": "sm",
                  "text": "データなし",
                  "type": "text",
                },
              ],
              "layout": "horizontal",
              "spacing": "sm",
              "type": "box",
            },
            {
              "contents": [
                {
                  "color": "#333333",
                  "flex": 1,
                  "size": "sm",
                  "text": "9月11日",
                  "type": "text",
                },
                {
                  "align": "center",
                  "color": "#666666",
                  "flex": 3,
                  "size": "sm",
                  "text": "取得失敗",
                  "type": "text",
                },
              ],
              "layout": "horizontal",
              "spacing": "sm",
              "type": "box",
            },
            {
              "contents": [
                {
                  "color": "#333333",
                  "flex": 1,
                  "size": "sm",
                  "text": "9月12日",
                  "type": "text",
                },
                {
                  "align": "center",
                  "color": "#666666",
                  "flex": 3,
                  "size": "sm",
                  "text": "データなし",
                  "type": "text",
                },
              ],
              "layout": "horizontal",
              "spacing": "sm",
              "type": "box",
            },
            {
              "contents": [
                {
                  "color": "#333333",
                  "flex": 1,
                  "size": "sm",
                  "text": "9月13日",
                  "type": "text",
                },
                {
                  "align": "center",
                  "color": "#666666",
                  "flex": 3,
                  "size": "sm",
                  "text": "データなし",
                  "type": "text",
                },
              ],
              "layout": "horizontal",
              "spacing": "sm",
              "type": "box",
            },
            {
              "contents": [
                {
                  "color": "#333333",
                  "flex": 1,
                  "size": "sm",
                  "text": "9月14日",
                  "type": "text",
                },
                {
                  "align": "end",
                  "color": "#333333",
                  "flex": 1,
                  "size": "sm",
                  "text": "5店中2位",
                  "type": "text",
                  "wrap": true,
                },
                {
                  "align": "end",
                  "color": "#333333",
                  "flex": 1,
                  "size": "sm",
                  "text": "★4.2",
                  "type": "text",
                  "wrap": true,
                },
                {
                  "align": "end",
                  "color": "#333333",
                  "flex": 1,
                  "size": "sm",
                  "text": "123件",
                  "type": "text",
                  "wrap": true,
                },
              ],
              "layout": "horizontal",
              "spacing": "sm",
              "type": "box",
            },
          ],
          "layout": "vertical",
          "spacing": "sm",
          "type": "box",
        },
      ],
      "layout": "vertical",
      "paddingAll": "lg",
      "spacing": "md",
      "type": "box",
    },
    "footer": {
      "contents": [
        {
          "action": {
            "label": "30日の推移を詳細画面で見る",
            "type": "uri",
            "uri": "https://liff.line.me/1234567890-AbCdEfGh?storeId=store-0001",
          },
          "color": "#1DB446",
          "height": "md",
          "style": "primary",
          "type": "button",
        },
        {
          "align": "center",
          "color": "#5E5E5E",
          "size": "13px",
          "text": "データ提供: Google Maps",
          "type": "text",
          "wrap": false,
        },
      ],
      "layout": "vertical",
      "paddingAll": "lg",
      "spacing": "sm",
      "type": "box",
    },
    "header": {
      "contents": [
        {
          "size": "md",
          "text": "試験食堂 駅前店",
          "type": "text",
          "weight": "bold",
          "wrap": true,
        },
        {
          "color": "#666666",
          "size": "sm",
          "text": "9月8日〜9月14日のデータ",
          "type": "text",
          "wrap": true,
        },
      ],
      "layout": "vertical",
      "paddingAll": "lg",
      "paddingBottom": "md",
      "spacing": "sm",
      "type": "box",
    },
    "size": "kilo",
    "styles": {
      "footer": {
        "separator": true,
      },
    },
    "type": "bubble",
  },
  "type": "flex",
}
`;

exports[`スナップショット（Flex Message Simulator へ貼って目視する材料） > 最新の日が取得失敗 1`] = `
{
  "altText": "試験食堂 駅前店（9月8日〜9月14日）: 5店中3位→5店中3位、★4.1→★4.1、クチコミ数 +2件（データ提供: Google Maps）",
  "contents": {
    "body": {
      "contents": [
        {
          "color": "#333333",
          "size": "md",
          "text": "9月8日〜9月12日：5店中3位→5店中3位、★4.1→★4.1、クチコミ数 +2件",
          "type": "text",
          "weight": "bold",
          "wrap": true,
        },
        {
          "color": "#333333",
          "size": "sm",
          "text": "最新のデータ（9月14日分）を取得できませんでした。次のデータの更新の後に、もう一度ご確認ください。",
          "type": "text",
          "wrap": true,
        },
        {
          "contents": [
            {
              "contents": [
                {
                  "color": "#666666",
                  "flex": 1,
                  "size": "xs",
                  "text": "日付",
                  "type": "text",
                  "wrap": true,
                },
                {
                  "align": "end",
                  "color": "#666666",
                  "flex": 1,
                  "size": "xs",
                  "text": "順位",
                  "type": "text",
                  "wrap": true,
                },
                {
                  "align": "end",
                  "color": "#666666",
                  "flex": 1,
                  "size": "xs",
                  "text": "評価",
                  "type": "text",
                  "wrap": true,
                },
                {
                  "align": "end",
                  "color": "#666666",
                  "flex": 1,
                  "size": "xs",
                  "text": "クチコミ数",
                  "type": "text",
                  "wrap": true,
                },
              ],
              "layout": "horizontal",
              "spacing": "sm",
              "type": "box",
            },
            {
              "contents": [
                {
                  "color": "#333333",
                  "flex": 1,
                  "size": "sm",
                  "text": "9月8日",
                  "type": "text",
                },
                {
                  "align": "end",
                  "color": "#333333",
                  "flex": 1,
                  "size": "sm",
                  "text": "5店中3位",
                  "type": "text",
                  "wrap": true,
                },
                {
                  "align": "end",
                  "color": "#333333",
                  "flex": 1,
                  "size": "sm",
                  "text": "★4.1",
                  "type": "text",
                  "wrap": true,
                },
                {
                  "align": "end",
                  "color": "#333333",
                  "flex": 1,
                  "size": "sm",
                  "text": "118件",
                  "type": "text",
                  "wrap": true,
                },
              ],
              "layout": "horizontal",
              "spacing": "sm",
              "type": "box",
            },
            {
              "contents": [
                {
                  "color": "#333333",
                  "flex": 1,
                  "size": "sm",
                  "text": "9月9日",
                  "type": "text",
                },
                {
                  "align": "center",
                  "color": "#666666",
                  "flex": 3,
                  "size": "sm",
                  "text": "データなし",
                  "type": "text",
                },
              ],
              "layout": "horizontal",
              "spacing": "sm",
              "type": "box",
            },
            {
              "contents": [
                {
                  "color": "#333333",
                  "flex": 1,
                  "size": "sm",
                  "text": "9月10日",
                  "type": "text",
                },
                {
                  "align": "end",
                  "color": "#333333",
                  "flex": 1,
                  "size": "sm",
                  "text": "—",
                  "type": "text",
                  "wrap": true,
                },
                {
                  "align": "end",
                  "color": "#333333",
                  "flex": 1,
                  "size": "sm",
                  "text": "★4.1",
                  "type": "text",
                  "wrap": true,
                },
                {
                  "align": "end",
                  "color": "#333333",
                  "flex": 1,
                  "size": "sm",
                  "text": "119件",
                  "type": "text",
                  "wrap": true,
                },
              ],
              "layout": "horizontal",
              "spacing": "sm",
              "type": "box",
            },
            {
              "contents": [
                {
                  "color": "#333333",
                  "flex": 1,
                  "size": "sm",
                  "text": "9月11日",
                  "type": "text",
                },
                {
                  "align": "center",
                  "color": "#666666",
                  "flex": 3,
                  "size": "sm",
                  "text": "データなし",
                  "type": "text",
                },
              ],
              "layout": "horizontal",
              "spacing": "sm",
              "type": "box",
            },
            {
              "contents": [
                {
                  "color": "#333333",
                  "flex": 1,
                  "size": "sm",
                  "text": "9月12日",
                  "type": "text",
                },
                {
                  "align": "end",
                  "color": "#333333",
                  "flex": 1,
                  "size": "sm",
                  "text": "5店中3位",
                  "type": "text",
                  "wrap": true,
                },
                {
                  "align": "end",
                  "color": "#333333",
                  "flex": 1,
                  "size": "sm",
                  "text": "★4.1",
                  "type": "text",
                  "wrap": true,
                },
                {
                  "align": "end",
                  "color": "#333333",
                  "flex": 1,
                  "size": "sm",
                  "text": "120件",
                  "type": "text",
                  "wrap": true,
                },
              ],
              "layout": "horizontal",
              "spacing": "sm",
              "type": "box",
            },
            {
              "contents": [
                {
                  "color": "#333333",
                  "flex": 1,
                  "size": "sm",
                  "text": "9月13日",
                  "type": "text",
                },
                {
                  "align": "center",
                  "color": "#666666",
                  "flex": 3,
                  "size": "sm",
                  "text": "データなし",
                  "type": "text",
                },
              ],
              "layout": "horizontal",
              "spacing": "sm",
              "type": "box",
            },
            {
              "contents": [
                {
                  "color": "#333333",
                  "flex": 1,
                  "size": "sm",
                  "text": "9月14日",
                  "type": "text",
                },
                {
                  "align": "center",
                  "color": "#666666",
                  "flex": 3,
                  "size": "sm",
                  "text": "取得失敗",
                  "type": "text",
                },
              ],
              "layout": "horizontal",
              "spacing": "sm",
              "type": "box",
            },
          ],
          "layout": "vertical",
          "spacing": "sm",
          "type": "box",
        },
        {
          "color": "#666666",
          "size": "sm",
          "text": "順位が「—」の日は、競合店と比較できないため順位がありません。",
          "type": "text",
          "wrap": true,
        },
      ],
      "layout": "vertical",
      "paddingAll": "lg",
      "spacing": "md",
      "type": "box",
    },
    "footer": {
      "contents": [
        {
          "action": {
            "label": "30日の推移を詳細画面で見る",
            "type": "uri",
            "uri": "https://liff.line.me/1234567890-AbCdEfGh?storeId=store-0001",
          },
          "color": "#1DB446",
          "height": "md",
          "style": "primary",
          "type": "button",
        },
        {
          "align": "center",
          "color": "#5E5E5E",
          "size": "13px",
          "text": "データ提供: Google Maps",
          "type": "text",
          "wrap": false,
        },
      ],
      "layout": "vertical",
      "paddingAll": "lg",
      "spacing": "sm",
      "type": "box",
    },
    "header": {
      "contents": [
        {
          "size": "md",
          "text": "試験食堂 駅前店",
          "type": "text",
          "weight": "bold",
          "wrap": true,
        },
        {
          "color": "#666666",
          "size": "sm",
          "text": "9月8日〜9月14日のデータ",
          "type": "text",
          "wrap": true,
        },
      ],
      "layout": "vertical",
      "paddingAll": "lg",
      "paddingBottom": "md",
      "spacing": "sm",
      "type": "box",
    },
    "size": "kilo",
    "styles": {
      "footer": {
        "separator": true,
      },
    },
    "type": "bubble",
  },
  "type": "flex",
}
`;

exports[`スナップショット（Flex Message Simulator へ貼って目視する材料） > 要約の端に比較不能の日を含む（順位を要約に出さない） 1`] = `
{
  "altText": "試験食堂 駅前店（9月8日〜9月14日）: 評価なし→★4.2、クチコミ数 +123件（データ提供: Google Maps）",
  "contents": {
    "body": {
      "contents": [
        {
          "color": "#333333",
          "size": "md",
          "text": "9月13日〜9月14日：評価なし→★4.2、クチコミ数 +123件",
          "type": "text",
          "weight": "bold",
          "wrap": true,
        },
        {
          "contents": [
            {
              "contents": [
                {
                  "color": "#666666",
                  "flex": 1,
                  "size": "xs",
                  "text": "日付",
                  "type": "text",
                  "wrap": true,
                },
                {
                  "align": "end",
                  "color": "#666666",
                  "flex": 1,
                  "size": "xs",
                  "text": "順位",
                  "type": "text",
                  "wrap": true,
                },
                {
                  "align": "end",
                  "color": "#666666",
                  "flex": 1,
                  "size": "xs",
                  "text": "評価",
                  "type": "text",
                  "wrap": true,
                },
                {
                  "align": "end",
                  "color": "#666666",
                  "flex": 1,
                  "size": "xs",
                  "text": "クチコミ数",
                  "type": "text",
                  "wrap": true,
                },
              ],
              "layout": "horizontal",
              "spacing": "sm",
              "type": "box",
            },
            {
              "contents": [
                {
                  "color": "#333333",
                  "flex": 1,
                  "size": "sm",
                  "text": "9月8日",
                  "type": "text",
                },
                {
                  "align": "center",
                  "color": "#666666",
                  "flex": 3,
                  "size": "sm",
                  "text": "データなし",
                  "type": "text",
                },
              ],
              "layout": "horizontal",
              "spacing": "sm",
              "type": "box",
            },
            {
              "contents": [
                {
                  "color": "#333333",
                  "flex": 1,
                  "size": "sm",
                  "text": "9月9日",
                  "type": "text",
                },
                {
                  "align": "center",
                  "color": "#666666",
                  "flex": 3,
                  "size": "sm",
                  "text": "データなし",
                  "type": "text",
                },
              ],
              "layout": "horizontal",
              "spacing": "sm",
              "type": "box",
            },
            {
              "contents": [
                {
                  "color": "#333333",
                  "flex": 1,
                  "size": "sm",
                  "text": "9月10日",
                  "type": "text",
                },
                {
                  "align": "center",
                  "color": "#666666",
                  "flex": 3,
                  "size": "sm",
                  "text": "データなし",
                  "type": "text",
                },
              ],
              "layout": "horizontal",
              "spacing": "sm",
              "type": "box",
            },
            {
              "contents": [
                {
                  "color": "#333333",
                  "flex": 1,
                  "size": "sm",
                  "text": "9月11日",
                  "type": "text",
                },
                {
                  "align": "center",
                  "color": "#666666",
                  "flex": 3,
                  "size": "sm",
                  "text": "データなし",
                  "type": "text",
                },
              ],
              "layout": "horizontal",
              "spacing": "sm",
              "type": "box",
            },
            {
              "contents": [
                {
                  "color": "#333333",
                  "flex": 1,
                  "size": "sm",
                  "text": "9月12日",
                  "type": "text",
                },
                {
                  "align": "center",
                  "color": "#666666",
                  "flex": 3,
                  "size": "sm",
                  "text": "データなし",
                  "type": "text",
                },
              ],
              "layout": "horizontal",
              "spacing": "sm",
              "type": "box",
            },
            {
              "contents": [
                {
                  "color": "#333333",
                  "flex": 1,
                  "size": "sm",
                  "text": "9月13日",
                  "type": "text",
                },
                {
                  "align": "end",
                  "color": "#333333",
                  "flex": 1,
                  "size": "sm",
                  "text": "—",
                  "type": "text",
                  "wrap": true,
                },
                {
                  "align": "end",
                  "color": "#333333",
                  "flex": 1,
                  "size": "sm",
                  "text": "評価なし",
                  "type": "text",
                  "wrap": true,
                },
                {
                  "align": "end",
                  "color": "#333333",
                  "flex": 1,
                  "size": "sm",
                  "text": "0件",
                  "type": "text",
                  "wrap": true,
                },
              ],
              "layout": "horizontal",
              "spacing": "sm",
              "type": "box",
            },
            {
              "contents": [
                {
                  "color": "#333333",
                  "flex": 1,
                  "size": "sm",
                  "text": "9月14日",
                  "type": "text",
                },
                {
                  "align": "end",
                  "color": "#333333",
                  "flex": 1,
                  "size": "sm",
                  "text": "5店中2位",
                  "type": "text",
                  "wrap": true,
                },
                {
                  "align": "end",
                  "color": "#333333",
                  "flex": 1,
                  "size": "sm",
                  "text": "★4.2",
                  "type": "text",
                  "wrap": true,
                },
                {
                  "align": "end",
                  "color": "#333333",
                  "flex": 1,
                  "size": "sm",
                  "text": "123件",
                  "type": "text",
                  "wrap": true,
                },
              ],
              "layout": "horizontal",
              "spacing": "sm",
              "type": "box",
            },
          ],
          "layout": "vertical",
          "spacing": "sm",
          "type": "box",
        },
        {
          "color": "#666666",
          "size": "sm",
          "text": "順位が「—」の日は、競合店と比較できないため順位がありません。",
          "type": "text",
          "wrap": true,
        },
      ],
      "layout": "vertical",
      "paddingAll": "lg",
      "spacing": "md",
      "type": "box",
    },
    "footer": {
      "contents": [
        {
          "action": {
            "label": "30日の推移を詳細画面で見る",
            "type": "uri",
            "uri": "https://liff.line.me/1234567890-AbCdEfGh?storeId=store-0001",
          },
          "color": "#1DB446",
          "height": "md",
          "style": "primary",
          "type": "button",
        },
        {
          "align": "center",
          "color": "#5E5E5E",
          "size": "13px",
          "text": "データ提供: Google Maps",
          "type": "text",
          "wrap": false,
        },
      ],
      "layout": "vertical",
      "paddingAll": "lg",
      "spacing": "sm",
      "type": "box",
    },
    "header": {
      "contents": [
        {
          "size": "md",
          "text": "試験食堂 駅前店",
          "type": "text",
          "weight": "bold",
          "wrap": true,
        },
        {
          "color": "#666666",
          "size": "sm",
          "text": "9月8日〜9月14日のデータ",
          "type": "text",
          "wrap": true,
        },
      ],
      "layout": "vertical",
      "paddingAll": "lg",
      "paddingBottom": "md",
      "spacing": "sm",
      "type": "box",
    },
    "size": "kilo",
    "styles": {
      "footer": {
        "separator": true,
      },
    },
    "type": "bubble",
  },
  "type": "flex",
}
`;
